../Core/Src/main.c:62:6:setTimer0	1
../Core/Src/main.c:66:6:timer_run	3
../Core/Src/main.c:75:6:clear7SEG	1
../Core/Src/main.c:85:6:display7SEG	11
../Core/Src/main.c:193:6:update7SEG	5
../Core/Src/main.c:233:6:updateClockBuffer	1
../Core/Src/main.c:255:6:clearAllRows	1
../Core/Src/main.c:266:6:enableRow	9
../Core/Src/main.c:280:6:outputToColumns	1
../Core/Src/main.c:292:6:updateLEDMatrix	1
../Core/Src/main.c:301:6:shiftLeftAnimation	2
../Core/Src/main.c:316:5:main	5
../Core/Src/main.c:381:6:SystemClock_Config	3
../Core/Src/main.c:418:13:MX_TIM2_Init	4
../Core/Src/main.c:463:13:MX_GPIO_Init	1
../Core/Src/main.c:522:6:HAL_TIM_PeriodElapsedCallback	7
../Core/Src/main.c:560:6:Error_Handler	1
