../Core/Src/main.c:62:6:setTimer0	1
../Core/Src/main.c:66:6:timer_run	3
../Core/Src/main.c:75:6:clear7SEG	1
../Core/Src/main.c:85:6:display7SEG	11
../Core/Src/main.c:193:6:update7SEG	5
../Core/Src/main.c:233:6:updateClockBuffer	1
../Core/Src/main.c:255:6:clearAllRows	1
../Core/Src/main.c:266:6:enableRow	9
../Core/Src/main.c:280:6:outputToColumns	1
../Core/Src/main.c:292:6:updateLEDMatrix	1
../Core/Src/main.c:304:5:main	5
../Core/Src/main.c:369:6:SystemClock_Config	3
../Core/Src/main.c:406:13:MX_TIM2_Init	4
../Core/Src/main.c:451:13:MX_GPIO_Init	1
../Core/Src/main.c:510:6:HAL_TIM_PeriodElapsedCallback	6
../Core/Src/main.c:542:6:Error_Handler	1
