../Core/Src/main.c:62:6:setTimer0	16	static
../Core/Src/main.c:66:6:timer_run	4	static
../Core/Src/main.c:75:6:clear7SEG	8	static
../Core/Src/main.c:85:6:display7SEG	16	static
../Core/Src/main.c:193:6:update7SEG	16	static
../Core/Src/main.c:233:6:updateClockBuffer	4	static
../Core/Src/main.c:255:6:clearAllRows	8	static
../Core/Src/main.c:266:6:enableRow	16	static
../Core/Src/main.c:280:6:outputToColumns	16	static
../Core/Src/main.c:292:6:updateLEDMatrix	16	static
../Core/Src/main.c:301:6:shiftLeftAnimation	16	static
../Core/Src/main.c:316:5:main	8	static
../Core/Src/main.c:381:6:SystemClock_Config	72	static
../Core/Src/main.c:418:13:MX_TIM2_Init	32	static
../Core/Src/main.c:463:13:MX_GPIO_Init	32	static
../Core/Src/main.c:522:6:HAL_TIM_PeriodElapsedCallback	16	static
../Core/Src/main.c:560:6:Error_Handler	4	static,ignoring_inline_asm
