../Core/Src/main.c:59:6:clear7SEG	8	static
../Core/Src/main.c:69:6:display7SEG	16	static
../Core/Src/main.c:177:6:update7SEG	16	static
../Core/Src/main.c:216:6:updateClockBuffer	4	static
../Core/Src/main.c:229:5:main	24	static
../Core/Src/main.c:315:6:SystemClock_Config	72	static
../Core/Src/main.c:352:13:MX_TIM2_Init	32	static
../Core/Src/main.c:397:13:MX_GPIO_Init	32	static
../Core/Src/main.c:440:6:HAL_TIM_PeriodElapsedCallback	16	static
../Core/Src/main.c:451:6:Error_Handler	4	static,ignoring_inline_asm
