../Core/Src/main.c:64:6:setTimer0	16	static
../Core/Src/main.c:68:6:timer_run	4	static
../Core/Src/main.c:77:6:clear7SEG	8	static
../Core/Src/main.c:87:6:display7SEG	16	static
../Core/Src/main.c:195:6:update7SEG	16	static
../Core/Src/main.c:236:6:updateClockBuffer	4	static
../Core/Src/main.c:249:5:main	8	static
../Core/Src/main.c:314:6:SystemClock_Config	72	static
../Core/Src/main.c:351:13:MX_TIM2_Init	32	static
../Core/Src/main.c:396:13:MX_GPIO_Init	32	static
../Core/Src/main.c:442:6:HAL_TIM_PeriodElapsedCallback	16	static
../Core/Src/main.c:466:6:Error_Handler	4	static,ignoring_inline_asm
