../Core/Src/main.c:60:6:clear7SEG	8	static
../Core/Src/main.c:70:6:display7SEG	16	static
../Core/Src/main.c:175:6:initState	8	static
../Core/Src/main.c:185:6:update7SEG	16	static
../Core/Src/main.c:224:6:setNumberOnClock	16	static
../Core/Src/main.c:229:6:clearNumberOnClock	16	static
../Core/Src/main.c:239:5:main	8	static
../Core/Src/main.c:287:6:SystemClock_Config	72	static
../Core/Src/main.c:324:13:MX_TIM2_Init	32	static
../Core/Src/main.c:369:13:MX_GPIO_Init	32	static
../Core/Src/main.c:416:6:HAL_TIM_PeriodElapsedCallback	16	static
../Core/Src/main.c:447:6:Error_Handler	4	static,ignoring_inline_asm
