../Core/Src/main.c:60:6:clear7SEG	8	static
../Core/Src/main.c:70:6:display7SEG	16	static
../Core/Src/main.c:175:6:initState	8	static
../Core/Src/main.c:185:6:update7SEG	16	static
../Core/Src/main.c:224:6:updateClockBuffer	4	static
../Core/Src/main.c:231:6:setNumberOnClock	16	static
../Core/Src/main.c:236:6:clearNumberOnClock	16	static
../Core/Src/main.c:246:5:main	8	static
../Core/Src/main.c:294:6:SystemClock_Config	72	static
../Core/Src/main.c:331:13:MX_TIM2_Init	32	static
../Core/Src/main.c:376:13:MX_GPIO_Init	32	static
../Core/Src/main.c:425:6:HAL_TIM_PeriodElapsedCallback	16	static
../Core/Src/main.c:469:6:Error_Handler	4	static,ignoring_inline_asm
