../Core/Src/main.c:60:6:clear7SEG	1
../Core/Src/main.c:70:6:display7SEG	11
../Core/Src/main.c:175:6:initState	1
../Core/Src/main.c:185:6:update7SEG	5
../Core/Src/main.c:224:6:updateClockBuffer	1
../Core/Src/main.c:231:6:setNumberOnClock	3
../Core/Src/main.c:236:6:clearNumberOnClock	3
../Core/Src/main.c:246:5:main	1
../Core/Src/main.c:294:6:SystemClock_Config	3
../Core/Src/main.c:331:13:MX_TIM2_Init	4
../Core/Src/main.c:376:13:MX_GPIO_Init	1
../Core/Src/main.c:425:6:HAL_TIM_PeriodElapsedCallback	12
../Core/Src/main.c:469:6:Error_Handler	1
